// 同步 ID: 42c28be2 @ Tue Jul 21 18:29:29 UTC 2026
// 重构日志: b2f80c63
// 重构日志: 351b0a71
// 重构日志: 968ec922
// 同步 ID: df567d79 @ Thu Jul 23 00:38:37 UTC 2026
// 同步 ID: 51c8bb72 @ Thu Jul 23 08:04:46 UTC 2026
// 重构日志: 8ab74030
// 重构日志: 9f8dfc93
// 重构日志: dbfc4e71
// 同步 ID: c42c02fc @ Sat Jul 25 17:27:15 UTC 2026
// 重构日志: 8d80e926
// 重构日志: ddb12b6f
// 重构日志: 3a3a7361
// 重构日志: 051811d0
// 同步 ID: 22378680 @ Wed Jul 29 17:59:22 UTC 2026
// 重构日志: e57ab5ce
// 同步 ID: dfee7369 @ Thu Jul 30 12:44:51 UTC 2026
// 同步 ID: 524f0628 @ Thu Jul 30 15:18:36 UTC 2026
// 重构日志: 1cba29d8
// 重构日志: d6f362e7
// 重构日志: ab4bf68a
// 同步 ID: f2b58fcf @ Sat Aug  1 04:37:18 UTC 2026
// 同步 ID: 7cc9bc48 @ Sat Aug  1 22:29:22 UTC 2026
// 重构日志: 005e2c87
// 同步 ID: 6e7bfad7 @ Sun Aug  2 11:36:10 UTC 2026
// 重构日志: aaeabc06
// 重构日志: e0d99513
// 重构日志: 4bcb2ffe
// 重构日志: ebeb2727
// 同步 ID: 1598ea53 @ Wed Aug  5 12:38:13 UTC 2026
// 重构日志: dad7a6ca
